// Jest Snapshot v1, https://goo.gl/fbAQLP

exports[`AddQuestion page should match snapshot 1`] = `
<div>
  <div
    class="sc-bcPKhP cRFdXx vh-100 d-flex flex-column"
  >
    <header
      class="sc-grXZZQ lcmHQc fixed-top bg-body-tertiary mb-2"
    >
      <nav
        class="navbar navbar-expand-md navbar-light"
      >
        <div
          class="container"
        >
          <a
            class="home-link me-3 navbar-brand"
            href="/"
          >
            <svg
              height="0"
              width="0"
            >
              <lineargradient
                id="blue-gradient"
                x1="100%"
                x2="0%"
                y1="100%"
                y2="0%"
              >
                <stop
                  offset="0%"
                  stop-color="rgba(246, 128, 132, 0.9)"
                />
                <stop
                  offset="100%"
                  stop-color="rgba(166, 192, 254, 0.9)"
                />
              </lineargradient>
            </svg>
            <svg
              class="me-2"
              fill="currentColor"
              height="1em"
              stroke="currentColor"
              stroke-width="0"
              style="fill: url(#blue-gradient); font-size: 1.6rem;"
              viewBox="0 0 512 512"
              width="1em"
              xmlns="http://www.w3.org/2000/svg"
            >
              <path
                d="M494 21.621c-14.947 8.43-29.566 17.581-43.67 29.227l7.318 38.547C471.923 93.66 483.583 95.26 494 95.36v-73.74zm-98.982 24.512c-15.283-.085-32.48 2.596-53.832 6.834l-.22.043-.22.033c-14.77 2.177-40.794 12.065-66.465 38.867l44.27 11.766c.972-1.493 5.936-9.004 6.88-10.555 5.124 3.123 10.248 6.244 15.372 9.365-12.475 20.475-26.742 35.556-43.934 54.522-2.123 4.718.977 8.199 4.36 10.14 5.22 2.931 14.1 3.09 16.437 2.102 23.932-15.768 40.819-35.928 55.963-56.271l5.469.964c11.501 2.031 26.47 1.058 38.707-2.853 11.098-3.548 19.272-9.357 22.662-15.688L432.54 53.65c-12.044-5.214-24.039-7.442-37.523-7.517zM227.932 98.717l-29.436 115.986 9.643.297H311.27l.9-.209 6.804-27.092c-8.86 1.9-18.296-.217-26.557-4.855-5.188-2.913-10.024-7.24-12.621-13.434-7.797-19.938 15.857-37.297 28.724-52.75l-80.59-17.943zM69.562 201l-23 46h418.875l-23-46H334.195l-3.517 14H352v18H160v-18h19.852l3.552-14H69.563zM41 265v222h430V265H41zm14 14h402v194H55V279zm18 18v118.238l34.502-74.994 73.36 31.762 66.652-45.84 37.513 57.273 50.11-4.595 31.3-39.332L439 394.627V297H73zm169.543 54.43l-90.63 62.33 27.01 41.24h95.606l19.666-24.71-51.652-78.86zm-126.045 12.326L74.521 455h82.885l-30.193-46.098 36.144-24.857-46.859-20.29zm253.065.732L297.533 455h140.54l.927-1.166v-36.602l-69.438-52.744zm-49.944 33.854l-23.426 2.148 9.805 14.969 13.621-17.117z"
              />
            </svg>
            Employee Polls
          </a>
          <button
            aria-controls="nav-menu"
            aria-label="Toggle navigation"
            class="justify-content-end navbar-toggler collapsed"
            type="button"
          >
            <span
              class="navbar-toggler-icon"
            />
          </button>
          <div
            class="navbar-collapse collapse"
            id="nav-menu"
          >
            <div
              class="me-auto navbar-nav"
            >
              <a
                aria-current="page"
                class="nav-link active"
                data-rr-ui-event-key="/"
                href="/"
              >
                Home
              </a>
              <a
                class="nav-link"
                data-rr-ui-event-key="/leaderboard"
                href="/leaderboard"
              >
                Leaderboard
              </a>
              <a
                class="nav-link"
                data-rr-ui-event-key="/add"
                href="/add"
              >
                New Question
              </a>
            </div>
          </div>
          <div
            class="justify-content-end navbar-collapse collapse"
          >
            <div
              class="nav-item dropdown"
            >
              <a
                aria-expanded="false"
                class="dropdown-toggle nav-link"
                href="#"
                id="user-actions"
                role="button"
                tabindex="0"
              >
                <button
                  class="btn btn-none"
                  type="button"
                >
                  <img
                    alt=":id:"
                    height="36"
                    src="https://api.dicebear.com/6.x/big-smile/svg?seed=:id:&size=36"
                    width="36"
                  />
                   
                  :name:
                </button>
              </a>
            </div>
          </div>
        </div>
      </nav>
    </header>
    <main
      class="flex-shrink-0"
    >
      <div
        class="container"
      >
        <div
          class="my-5 container"
        >
          <div
            class="toast-container top-0 end-0 p-3"
            style="z-index: 999; margin-top: 70px;"
          />
          <h1
            class="text-center mb-4"
          >
            Would You Rather?
          </h1>
          <form
            class="custom-form"
          >
            <div
              class="mb-3 form-floating"
            >
              <input
                aria-invalid="false"
                class="form-control"
                data-testid="option1"
                id="username"
                name="option1"
                placeholder="Enter your first option"
                type="text"
                value=""
              />
              <label
                for="username"
              >
                Enter your first option
              </label>
            </div>
            <hr
              class="hr-text"
              data-content="OR"
            />
            <div
              class="mb-3 form-floating"
            >
              <input
                aria-invalid="false"
                class="form-control"
                data-testid="option2"
                id="username"
                name="option2"
                placeholder="Enter your second option"
                type="text"
                value=""
              />
              <label
                for="username"
              >
                Enter your second option
              </label>
            </div>
            <div
              class="text-center"
            >
              <button
                class="btn btn-primary"
                data-testid="submit-btn"
                disabled=""
                type="submit"
              >
                Submit
              </button>
            </div>
          </form>
        </div>
      </div>
    </main>
    <footer
      class="footer mt-auto py-3 bg-light fixed-bottom"
    >
      <div
        class="container"
      >
        <span
          class="text-muted"
        >
          Udacity React Nanodegree - Project 2 - 
          2023
           Â© TruongHPD
        </span>
      </div>
    </footer>
  </div>
</div>
`;
